0) .GQ gvar1                         	
1) .GB gvar23                        	
2) .GD gvar3                         	
6) [0] LQI $R1 15                    	[3][8][0][0][0][0][0][0][0][15]
7) [10] SUB $SP $SP $R1              	[54][1][1][8]
9) [14] LAI $R1 $TOP gvar1           	[7][8][7][255][255][255][255][255][255][255][248]
10) [25] LAI $R1 $TOP gvar2          	[7][8][7][255][255][255][255][255][255][255][245]
11) [36] LAI $R1 $TOP gvar3          	[7][8][7][255][255][255][255][255][255][255][241]
13) [47] NOP                         	[43]
14) [48] NOP                         	[43]
15) [49] HALT                        	[42]

SYMBOL TABLE:
-------------

GLOBAL VARIABLES:
-----------------------------------------------
line    text    type    len     size    offset  
-----------------------------------------------
0       0       QWORD   1       8       -8      
1       1       BYTE    3       3       -11     
2       2       DWORD   1       4       -15     

PROCEDURES:
-----------

STRING TABLE:
-------------
gvar1
gvar2
gvar3

