LINE) [ADDR]    ASSEMBLY                       BYTECODE
1)              .GB cin_str 256                
3)              .PB globalproc                 
7)[0]           LQI $R1 256                    [3][8][0][0][0][0][0][0][1][0]
8)[10]          SUB $SP $SP $R1                [54][1][1][8]
11)[14]         LQI $R2 256                    [3][9][0][0][0][0][0][0][1][0]
12)[24]         LAI $R3 $TOP cin_str           [7][10][7][255][255][255][255][255][255][255][0]
13)[35]         LBI $R1 13                     [0][8][13]
14)[38]         INT 0                          [39][0]
16)[40]         LBI $R1 0                      [0][8][0]
17)[43]         INT 6                          [39][6]
18)[45]         LBI $R1 18                     [0][8][18]
19)[48]         MOV $R2 $R5                    [32][9][12]
20)[51]         INT 0                          [39][0]
23)[53]         NOP                            [43]
25)[54]         HALT                           [42]
26)             .PE                            
30)             .PB printNumber                
31)[55]         LBI $R1 20                     [0][8][20]
32)[58]         INT 0                          [39][0]
33)[60]         LBI $R2 10                     [0][9][10]
34)[63]         LBI $R1 16                     [0][8][16]
35)[66]         INT 0                          [39][0]
36)[68]         LBI $R2 13                     [0][9][13]
37)[71]         LBI $R1 16                     [0][8][16]
38)[74]         INT 0                          [39][0]
39)[76]         JMP $R10                       [35][17]
40)             .PE                            

SYMBOL TABLE:
-------------

GLOBAL VARIABLES:
-----------------------------------------------
line    text    type    len     size    offset  
-----------------------------------------------
0       0       BYTE    256     256     -256    

PROCEDURES:
-----------
PROCEDURE:
-----------------------
line    text    address 
-----------------------
2       1       0       

RETURN:
-----------------------
line    text    address 
-----------------------
2       1       0       
VOID

ARGUMENTS:
-----------------------
line    text    address 
-----------------------
2       1       0       

LOCALS:
-----------------------
line    text    address 
-----------------------
2       1       0       

LABELS:
-----------------------
line    text    address 
-----------------------
2       1       0       

PROCEDURE:
-----------------------
line    text    address 
-----------------------
29      2       55      

RETURN:
-----------------------
line    text    address 
-----------------------
29      2       55      
VOID

ARGUMENTS:
-----------------------
line    text    address 
-----------------------
29      2       55      

LOCALS:
-----------------------
line    text    address 
-----------------------
29      2       55      

LABELS:
-----------------------
line    text    address 
-----------------------
29      2       55      


STRING TABLE:
-------------
cin_str
globalproc
printNumber

