LINE) [ADDR]    ASSEMBLY                     BYTECODE
0)              .PB proc1                    
3)[0]           LAD $R4 proc2                [6][11][0][0][0][0][0][0][0][125]
4)[10]          MOV $R2 $R4                  [32][9][11]
5)[13]          LBI $R1 20                   [0][8][20]
6)[16]          INT 0                        [39][0]
8)              .PL proc1_L001               
9)[18]          LQI $R2 10                   [3][9][0][0][0][0][0][0][0][10]
10)[28]         LQI $R1 16                   [3][8][0][0][0][0][0][0][0][16]
11)[38]         INT 0                        [39][0]
13)[40]         LQI $R2 13                   [3][9][0][0][0][0][0][0][0][13]
14)[50]         LQI $R1 16                   [3][8][0][0][0][0][0][0][0][16]
15)[60]         INT 0                        [39][0]
18)[62]         LAD $R4 proc1_L001           [6][11][0][0][0][0][0][0][0][18]
19)[72]         MOV $R2 $R4                  [32][9][11]
20)[75]         LBI $R1 20                   [0][8][20]
21)[78]         INT 0                        [39][0]
22)[80]         LQI $R2 10                   [3][9][0][0][0][0][0][0][0][10]
23)[90]         LQI $R1 16                   [3][8][0][0][0][0][0][0][0][16]
24)[100]        INT 0                        [39][0]
25)[102]        LQI $R2 13                   [3][9][0][0][0][0][0][0][0][13]
26)[112]        LQI $R1 16                   [3][8][0][0][0][0][0][0][0][16]
27)[122]        INT 0                        [39][0]
28)[124]        HALT                         [42]
30)             .PE                          
32)             .PB proc2                    
33)[125]        LQI $R1 23                   [3][8][0][0][0][0][0][0][0][23]
34)[135]        MOV $R3 $R1                  [32][10][8]
35)             .PE                          

SYMBOL TABLE:
-------------

GLOBAL VARIABLES:
-----------------------------------------------
line    text    type    len     size    offset  
-----------------------------------------------

PROCEDURES:
-----------
PROCEDURE:
-----------------------
line    text    address 
-----------------------
0       0       0       

RETURN:
-----------------------
line    text    address 
-----------------------
0       0       0       
VOID

ARGUMENTS:
-----------------------
line    text    address 
-----------------------
0       0       0       

LOCALS:
-----------------------
line    text    address 
-----------------------
0       0       0       

LABELS:
-----------------------
line    text    address 
-----------------------
0       0       0       
1       8       18      

PROCEDURE:
-----------------------
line    text    address 
-----------------------
32      2       125     

RETURN:
-----------------------
line    text    address 
-----------------------
32      2       125     
VOID

ARGUMENTS:
-----------------------
line    text    address 
-----------------------
32      2       125     

LOCALS:
-----------------------
line    text    address 
-----------------------
32      2       125     

LABELS:
-----------------------
line    text    address 
-----------------------
32      2       125     


STRING TABLE:
-------------
proc1
proc1_L001
proc2

